[runner] pass2 decentralized -> pass2
[runner] pass2 centralized -> pass2_centralized
[runner] pass2 hierarchical -> pass2_hierarchical
[runner] compute delay: calibrated fit from results\paper\V\cell\seed_11\trackb\calib\calibration.json
[runner] TID gap = 0.0337 (A_cen 0.9718 − A_dec 0.9381)
[runner] figures for seed_11:
  saved accuracy_vs_round.png
  saved gossip_tid.png
  saved gossip_traffic_idle.png
  saved gossip_energy.png
[runner] done cell C:\Users\user\Desktop\University of Szeged\FL Module DISSECT-CF-Fog\DISSECT-CF-Fog-FL-master\simulator\results\paper\S1\cell\seed_11
[runner] pass2 decentralized -> pass2
[runner] pass2 centralized -> pass2_centralized
[runner] pass2 hierarchical -> pass2_hierarchical
[runner] compute delay: calibrated fit from results\paper\V\cell\seed_11\trackb\calib\calibration.json
[runner] TID gap = 0.0482 (A_cen 0.9755 − A_dec 0.9273)
[runner] figures for seed_12:
  saved accuracy_vs_round.png
  saved gossip_tid.png
  saved gossip_traffic_idle.png
  saved gossip_energy.png
[runner] done cell C:\Users\user\Desktop\University of Szeged\FL Module DISSECT-CF-Fog\DISSECT-CF-Fog-FL-master\simulator\results\paper\S1\cell\seed_12
[runner] pass2 decentralized -> pass2
[runner] pass2 centralized -> pass2_centralized
[runner] pass2 hierarchical -> pass2_hierarchical
[runner] compute delay: calibrated fit from results\paper\V\cell\seed_11\trackb\calib\calibration.json
[runner] TID gap = 0.0538 (A_cen 0.9740 − A_dec 0.9202)
[runner] figures for seed_13:
  saved accuracy_vs_round.png
  saved gossip_tid.png
  saved gossip_traffic_idle.png
  saved gossip_energy.png
[runner] done cell C:\Users\user\Desktop\University of Szeged\FL Module DISSECT-CF-Fog\DISSECT-CF-Fog-FL-master\simulator\results\paper\S1\cell\seed_13
[runner] pass2 decentralized -> pass2
[runner] pass2 centralized -> pass2_centralized
[runner] pass2 hierarchical -> pass2_hierarchical
[runner] compute delay: calibrated fit from results\paper\V\cell\seed_11\trackb\calib\calibration.json
[runner] TID gap = 0.0900 (A_cen 0.9746 − A_dec 0.8846)
[runner] figures for seed_14:
  saved accuracy_vs_round.png
  saved gossip_tid.png
  saved gossip_traffic_idle.png
  saved gossip_energy.png
[runner] done cell C:\Users\user\Desktop\University of Szeged\FL Module DISSECT-CF-Fog\DISSECT-CF-Fog-FL-master\simulator\results\paper\S1\cell\seed_14
[runner] pass2 decentralized -> pass2
[runner] pass2 centralized -> pass2_centralized
[runner] pass2 hierarchical -> pass2_hierarchical
[runner] compute delay: calibrated fit from results\paper\V\cell\seed_11\trackb\calib\calibration.json
[runner] TID gap = 0.0422 (A_cen 0.9768 − A_dec 0.9346)
[runner] figures for seed_15:
  saved accuracy_vs_round.png
  saved gossip_tid.png
  saved gossip_traffic_idle.png
  saved gossip_energy.png
[runner] done cell C:\Users\user\Desktop\University of Szeged\FL Module DISSECT-CF-Fog\DISSECT-CF-Fog-FL-master\simulator\results\paper\S1\cell\seed_15
[runner] campaign complete: 5 runs.
